// Jest Snapshot v1, https://goo.gl/fbAQLP

exports[`Tests in GifGrid The component must be displayed correctly 1`] = `
<Fragment>
  <h3
    className="animate__animated animate__fadeInRight"
  >
    Dragon Ball
  </h3>
  <p
    className="animate__animated animate__flash"
  >
    Loading...
  </p>
  <div
    className="card-grid"
  />
</Fragment>
`;
